{Adelaide=-35.1/17.3/69.9, Sokoto=-20.6/28.0/79.7, Ghanzi=-28.6/21.4/73.0, Minneapolis=-41.7/7.8/56.7, Columbus=-37.4/11.7/62.6, Oulu=-47.9/2.7/51.2, Yangon=-21.4/27.5/75.1, Maun=-29.7/22.4/70.3, Birao=-25.0/26.5/76.0, Jakarta=-21.4/26.7/77.4, Benghazi=-34.6/19.9/70.4, Thiès=-23.0/24.0/73.3, Baku=-33.1/15.1/62.7, Boston=-38.1/10.9/59.1, Abéché=-22.7/29.4/80.0, Parakou=-27.2/26.8/77.9, Tehran=-32.4/17.0/65.0, Batumi=-38.9/14.0/67.4, Rabat=-30.7/17.2/67.3, Hobart=-38.2/12.7/65.3, Copenhagen=-38.7/9.1/59.9, Ashgabat=-34.5/17.1/69.7, Houston=-35.4/20.8/73.3, Seattle=-35.5/11.3/62.3, Lahore=-26.1/24.3/73.9, Murmansk=-48.7/0.6/47.7, Nuuk=-51.3/-1.4/49.5, Bouaké=-25.0/26.0/81.3, Albuquerque=-36.3/14.0/60.6, Baghdad=-27.5/22.8/71.4, Saskatoon=-45.3/3.3/52.9, Sofia=-39.8/10.6/59.3, Perth=-32.8/18.7/68.2, Pontianak=-21.7/27.7/79.2, Paris=-37.1/12.3/62.2, Brisbane=-30.4/21.4/71.1, Dili=-25.3/26.6/75.5, Minsk=-43.6/6.7/54.9, Hanoi=-28.9/23.6/75.1, Lviv=-39.9/7.8/64.6, Conakry=-22.4/26.4/72.8, Pretoria=-29.0/18.2/67.2, Da Lat=-33.1/17.9/67.2, Kuwait City=-24.7/25.7/73.0, Tripoli=-29.0/20.0/69.3, Veracruz=-24.3/25.4/77.9, Johannesburg=-36.0/15.5/65.3, Pointe-Noire=-25.6/26.1/74.5, Andorra la Vella=-42.1/9.8/58.6, Willemstad=-21.9/28.0/78.4, Manama=-22.6/26.5/79.7, Winnipeg=-49.5/3.0/56.0, Chittagong=-32.2/25.9/76.2, Honolulu=-27.1/25.4/75.9, Pyongyang=-37.8/10.8/59.1, San Antonio=-27.2/20.8/74.4, Mek'ele=-24.3/22.7/71.1, Bucharest=-38.8/10.8/60.6, Ndola=-31.1/20.3/67.8, Alexandra=-38.7/11.0/59.9, Nouadhibou=-27.0/21.3/71.9, Kumasi=-25.7/26.0/75.3, Cotonou=-18.6/27.2/78.8, Jerusalem=-33.5/18.3/68.0, Hamburg=-37.3/9.7/60.3, Rome=-35.7/15.2/65.0, Istanbul=-38.2/13.9/62.5, Astana=-49.6/3.5/52.3, Nashville=-33.3/15.4/67.5, Las Vegas=-28.3/20.3/69.6, Launceston=-36.3/13.1/63.1, Napoli=-36.1/15.9/63.9, Da Nang=-24.4/25.8/77.9, Durban=-29.9/20.6/71.5, Kansas City=-34.1/12.5/62.5, Cairo=-29.2/21.4/73.6, Monterrey=-26.2/22.3/75.3, Antananarivo=-32.7/17.9/70.6, Mombasa=-23.8/26.3/75.4, Moncton=-45.0/6.1/60.3, Dubai=-21.8/26.9/74.7, Canberra=-36.9/13.1/62.7, Wichita=-35.1/13.9/64.3, Bulawayo=-34.3/18.9/71.8, N'Djamena=-19.6/28.3/76.2, Ngaoundéré=-27.0/22.0/70.8, Auckland=-34.4/15.2/62.6, Zanzibar City=-25.7/26.0/74.8, Toliara=-26.5/24.1/74.4, Petropavlovsk-Kamchatsky=-51.4/1.9/47.8, Tbilisi=-37.5/12.9/61.3, St. Louis=-35.6/13.9/67.6, Dakar=-26.6/24.0/71.7, New York City=-42.2/12.9/61.5, Nairobi=-33.6/17.8/65.9, Surabaya=-23.4/27.1/79.3, Nassau=-25.1/24.6/73.1, Rostov-on-Don=-39.5/9.9/61.6, St. John's=-44.0/5.0/53.4, Barcelona=-33.6/18.2/70.1, Bloemfontein=-32.1/15.6/66.6, Jayapura=-23.3/27.0/78.9, Erbil=-31.7/19.5/70.9, Austin=-28.3/20.7/67.7, Milan=-37.0/13.0/61.1, London=-36.9/11.3/64.1, Darwin=-21.5/27.6/75.5, Ho Chi Minh City=-21.9/27.4/78.6, Port Moresby=-27.2/26.9/74.6, Tucson=-30.1/20.9/74.2, Stockholm=-41.3/6.6/53.6, Indianapolis=-39.4/11.8/64.1, Port-Gentil=-25.8/26.0/74.8, Phnom Penh=-20.2/28.3/81.4, Beijing=-34.9/12.9/64.0, Malé=-23.0/28.0/78.0, George Town=-18.5/27.9/77.2, Podgorica=-32.4/15.3/64.3, Las Palmas de Gran Canaria=-28.6/21.2/72.4, Nakhon Ratchasima=-27.8/27.3/75.6, Honiara=-24.9/26.5/78.1, Guangzhou=-26.1/22.4/71.9, Palm Springs=-27.7/24.5/74.3, Banjul=-21.4/26.0/75.6, Aden=-20.7/29.1/80.8, Nouakchott=-22.0/25.7/73.8, Ségou=-21.7/28.0/79.0, Chișinău=-37.5/10.2/60.8, Colombo=-24.9/27.4/77.5, Tegucigalpa=-31.5/21.7/72.0, Busan=-32.5/15.0/67.5, Gaborone=-27.9/21.0/69.5, Taipei=-36.9/23.0/74.8, Erzurum=-43.2/5.1/56.7, Mogadishu=-19.2/27.1/74.1, Alexandria=-31.1/20.0/69.5, Chongqing=-30.2/18.6/70.9, Dampier=-22.2/26.4/76.5, Addis Ababa=-33.7/16.0/67.9, Jacksonville=-28.3/20.3/70.2, Tunis=-32.8/18.4/66.1, Lyon=-35.3/12.5/61.1, Kingston=-22.6/27.4/74.4, Bangkok=-22.5/28.6/76.9, Hiroshima=-36.7/16.3/65.8, Malabo=-34.6/26.3/78.2, Vilnius=-44.1/6.0/54.0, Gagnoa=-25.3/26.0/77.7, Split=-33.1/16.1/71.4, Upington=-35.7/20.4/70.5, El Paso=-29.8/18.1/71.6, Iqaluit=-61.0/-9.3/39.8, Sydney=-32.9/17.7/67.7, Montreal=-42.1/6.8/56.5, Riga=-41.7/6.2/60.1, Chicago=-38.9/9.8/60.5, Vancouver=-42.8/10.4/58.9, Melbourne=-33.0/15.1/62.1, Bergen=-42.9/7.7/57.9, Cracow=-42.9/9.3/56.4, Hargeisa=-29.2/21.7/72.7, Tashkent=-32.9/14.8/65.3, Salt Lake City=-35.5/11.6/59.6, Lhasa=-41.3/7.6/61.4, Port Vila=-27.2/24.3/74.3, Tallinn=-41.4/6.4/53.9, Roseau=-21.6/26.2/74.1, Mexico City=-28.5/17.5/63.6, Ulaanbaatar=-53.4/-0.4/47.0, Tijuana=-34.0/17.8/67.1, Brazzaville=-24.7/25.0/76.6, Ouarzazate=-35.8/18.9/70.6, Timbuktu=-21.9/28.0/77.0, Bamako=-20.7/27.8/76.9, Harbin=-47.2/5.0/53.8, Blantyre=-28.4/22.2/71.3, San Salvador=-24.0/23.1/70.8, Ahvaz=-22.5/25.4/76.9, Dikson=-61.3/-11.1/38.3, Palermo=-35.9/18.5/67.7, Yakutsk=-57.6/-8.8/42.6, Dar es Salaam=-26.9/25.8/76.7, Irkutsk=-46.7/1.0/51.0, Christchurch=-38.0/12.2/65.2, Denver=-42.2/10.4/60.9, Memphis=-31.6/17.2/66.5, Tel Aviv=-29.1/20.0/66.6, Lisbon=-32.0/17.5/68.5, Bujumbura=-24.8/23.8/74.4, Virginia Beach=-32.6/15.8/63.8, Napier=-32.6/14.6/65.6, Washington, D.C.=-32.7/14.6/65.7, Dunedin=-45.7/11.1/59.1, Bilbao=-34.8/14.7/66.8, Antsiranana=-25.8/25.2/82.6, Tokyo=-32.8/15.4/67.1, Hanga Roa=-26.9/20.5/70.1, Atlanta=-29.2/17.0/69.3, Porto=-34.4/15.7/67.0, Baguio=-28.2/19.5/67.5, Lusaka=-28.1/19.9/75.5, Portland (OR)=-36.4/12.4/61.8, Baltimore=-34.0/13.1/65.0, Edinburgh=-41.3/9.3/56.7, Sarajevo=-49.3/10.1/59.9, Assab=-16.7/30.5/81.7, San Jose=-30.7/16.4/70.3, Kuopio=-49.3/3.4/53.5, Kunming=-34.0/15.7/66.0, Dhaka=-24.1/25.9/75.2, Odienné=-26.3/26.0/76.9, Alice Springs=-30.2/21.0/68.2, Oranjestad=-19.6/28.1/80.6, Marseille=-35.6/15.8/65.8, New Orleans=-28.4/20.7/72.4, Budapest=-41.7/11.3/61.1, Seoul=-39.1/12.5/64.1, Bridgetown=-23.8/27.0/75.5, Abha=-35.6/18.0/64.1, Riyadh=-24.6/26.0/75.5, Djibouti=-19.0/29.9/77.4, Warsaw=-48.3/8.5/59.0, Tabora=-26.8/23.0/78.4, Chiang Mai=-23.9/25.8/74.7, Luxembourg City=-38.8/9.3/59.9, Valencia=-37.0/18.3/65.5, Suva=-24.5/25.6/75.6, Fianarantsoa=-33.4/17.9/70.6, Guadalajara=-26.4/20.9/68.8, Naha=-23.4/23.1/73.5, Edmonton=-48.7/4.2/52.7, Ürümqi=-39.1/7.4/57.3, Yaoundé=-25.2/23.8/72.9, Sochi=-40.2/14.2/61.9, Cabo San Lucas=-25.2/23.9/74.9, Vladivostok=-47.8/4.9/52.9, Tauranga=-33.1/14.8/63.0, Lomé=-22.3/26.9/80.9, Cape Town=-30.6/16.2/66.4, Managua=-22.3/27.3/79.0, Denpasar=-27.0/23.7/72.8, Kampala=-28.0/20.0/66.6, Damascus=-37.6/17.0/66.5, Odesa=-43.4/10.7/58.9, San José=-29.8/22.6/71.8, Yellowknife=-54.2/-4.3/47.9, Flores,  Petén=-24.5/26.4/74.0, Oklahoma City=-30.4/15.9/66.3, Manila=-21.1/28.4/79.0, Khartoum=-18.8/29.9/79.9, Lagos=-21.4/26.8/76.5, Algiers=-31.3/18.2/70.5, Niigata=-32.9/13.9/68.3, Luanda=-23.9/25.8/74.7, Port Sudan=-23.9/28.4/84.1, Whitehorse=-48.4/-0.1/55.6, Calgary=-46.0/4.4/51.3, Palmerston North=-37.4/13.2/63.7, Libreville=-29.0/25.9/73.6, Rangpur=-24.3/24.4/74.9, Tabriz=-37.9/12.6/66.8, Burnie=-35.7/13.1/64.0, Fairbanks=-50.8/-2.3/48.5, Mahajanga=-20.8/26.3/74.9, Nicosia=-26.4/19.7/71.2, Los Angeles=-32.7/18.6/73.2, Jos=-28.8/22.8/73.3, Shanghai=-34.8/16.7/68.3, Cairns=-26.7/25.0/77.5, Brussels=-39.1/10.5/60.3, Karachi=-27.9/26.0/75.6, Mumbai=-23.3/27.1/81.4, Athens=-31.5/19.2/66.8, Gjoa Haven=-63.9/-14.4/31.2, Wau=-20.2/27.8/77.1, Bata=-26.2/25.1/74.0, San Juan=-23.5/27.2/74.9, Dushanbe=-34.6/14.7/66.7, Phoenix=-28.1/23.9/74.4, Changsha=-32.7/17.4/65.3, Belize City=-22.7/26.7/77.0, Vaduz=-40.5/10.1/58.5, Garissa=-21.0/29.3/77.3, Oslo=-42.0/5.7/51.4, Abidjan=-27.5/26.0/74.5, Muscat=-19.7/28.0/83.9, New Delhi=-23.1/25.0/81.4, Asmara=-32.8/15.6/67.1, Niamey=-18.0/29.3/79.4, Zagreb=-43.2/10.7/62.1, Wrocław=-40.5/9.6/60.1, Guatemala City=-29.1/20.4/68.8, Dublin=-38.0/9.8/60.9, Dolisie=-23.7/24.0/75.6, Halifax=-41.4/7.5/61.5, Tromsø=-50.6/2.9/49.9, Kinshasa=-32.8/25.3/73.8, Kankan=-30.4/26.5/78.3, Almaty=-40.5/10.0/68.5, Seville=-28.0/19.2/69.5, Maputo=-30.9/22.8/74.3, Havana=-22.8/25.2/72.6, Praia=-23.6/24.4/73.8, Palembang=-24.4/27.3/74.2, Arkhangelsk=-53.2/1.3/52.5, Mexicali=-26.5/23.1/73.1, Tamanrasset=-29.1/21.7/73.0, Mandalay=-23.7/28.0/75.1, Lodwar=-23.3/29.3/78.4, Juba=-21.8/27.8/80.1, Medan=-25.2/26.5/74.9, Saint Petersburg=-42.4/5.8/64.9, Lake Tekapo=-41.7/8.7/56.8, Karonga=-27.4/24.4/73.0, Panama City=-24.9/28.0/78.5, Dallas=-35.5/19.0/67.8, Saint-Pierre=-46.1/5.7/53.5, Chihuahua=-30.3/18.6/74.2, Kandi=-21.9/27.7/80.2, Novosibirsk=-50.8/1.7/57.5, Bratislava=-37.1/10.5/62.0, Amsterdam=-40.7/10.2/59.2, Heraklion=-30.5/18.9/70.3, Harare=-29.9/18.4/66.7, Vienna=-44.4/10.4/62.0, Xi'an=-40.2/14.1/63.5, Makurdi=-19.0/26.0/76.2, Kyoto=-33.9/15.8/68.4, Kyiv=-40.4/8.4/64.7, Yerevan=-37.8/12.4/66.5, Lubumbashi=-28.3/20.8/75.3, Marrakesh=-32.0/19.6/68.3, Ifrane=-39.2/11.4/65.1, Gangtok=-34.5/15.2/65.0, Moscow=-47.6/5.8/60.8, Tamale=-23.1/27.9/77.1, Belgrade=-40.3/12.5/64.9, Accra=-27.4/26.4/75.7, Makassar=-22.6/26.7/76.7, Prague=-39.4/8.4/60.7, Toluca=-37.3/12.4/64.8, Louisville=-38.7/13.9/60.1, Toronto=-40.9/9.4/58.9, Anchorage=-47.5/2.8/50.4, Fukuoka=-34.1/17.0/72.8, San Diego=-31.5/17.8/71.4, Bishkek=-39.4/11.3/63.9, Bissau=-23.8/27.0/73.6, Fresno=-30.9/17.9/67.8, Hamilton=-33.4/13.8/66.9, Bangui=-26.4/26.0/73.7, Toamasina=-27.8/23.4/74.2, Frankfurt=-40.5/10.6/65.5, Helsinki=-43.0/5.9/55.0, Entebbe=-29.0/21.0/72.9, Reykjavík=-44.6/4.3/52.7, Ankara=-38.2/12.0/60.7, Anadyr=-60.5/-6.9/41.9, Hong Kong=-31.0/23.3/72.3, City of San Marino=-39.3/11.8/59.1, Gabès=-30.9/19.5/69.1, Kuala Lumpur=-23.6/27.3/78.5, Charlotte=-35.2/16.1/64.3, Tirana=-40.7/15.2/65.0, Madrid=-37.1/15.0/65.7, İzmir=-30.7/17.9/70.3, Sapporo=-42.4/8.9/63.5, Singapore=-23.4/27.0/74.6, San Francisco=-37.3/14.6/61.4, Ottawa=-42.3/6.6/54.2, Hat Yai=-22.6/27.0/75.5, Mango=-23.5/28.1/77.3, Bosaso=-22.3/30.0/78.4, Kathmandu=-30.6/18.3/67.5, Tampa=-24.8/22.9/72.5, Vientiane=-24.0/25.9/80.6, Kano=-22.0/26.4/78.5, Milwaukee=-43.3/8.9/59.6, Ouagadougou=-20.0/28.3/77.0, Douala=-21.2/26.7/76.7, Sana'a=-27.4/20.0/70.4, Detroit=-42.9/10.0/66.3, Dodoma=-29.2/22.7/81.3, Garoua=-19.8/28.3/77.4, Zürich=-42.7/9.3/57.7, Monaco=-31.3/16.4/65.9, Philadelphia=-35.5/13.2/65.1, Santo Domingo=-24.6/25.9/73.9, Miami=-24.3/24.9/74.1, Ouahigouya=-22.7/28.6/76.2, La Paz=-24.0/23.7/76.7, Sacramento=-31.5/16.3/68.0, Boise=-39.9/11.4/59.6, Kabul=-35.7/12.1/63.0, Ljubljana=-39.2/10.9/60.5, Bordeaux=-38.0/14.2/65.9, Valletta=-34.7/18.8/70.0, Suwałki=-44.4/7.2/57.0, Thessaloniki=-32.3/16.0/66.6, Reggane=-24.0/28.3/80.6, Pittsburgh=-42.1/10.8/58.6, La Ceiba=-22.8/26.2/77.9, Wellington=-34.4/12.9/65.0, Mzuzu=-32.1/17.7/70.3, Lake Havasu City=-29.1/23.7/72.8, Berlin=-40.5/10.3/59.9, Livingstone=-26.6/21.8/69.0, Skopje=-36.0/12.4/62.1, Kolkata=-25.8/26.7/77.8, Beirut=-39.4/20.9/72.4, Omaha=-39.1/10.6/60.0, Villahermosa=-22.3/27.1/76.9, Yinchuan=-39.7/9.0/60.8}